ingressController:
  deployment:
    pod:
      container:
        args:
        - --dump-config
        - "true"
        customEnv:
          FAKE: whatever
          TZ: Europe/Berlin
        env:
          election_id: palmtree
          kong_admin_tls_skip_verify: true
        image:
          repository: kong/kubernetes-ingress-controller
          tag: "3.0"
        livenessProbe:
          failureThreshold: 3
          httpGet:
            path: /healthz
            port: 10254
            scheme: HTTP
          initialDelaySeconds: 5
          periodSeconds: 10
          successThreshold: 1
          timeoutSeconds: 5
        readinessProbe:
          failureThreshold: 3
          httpGet:
            path: /readyz
            port: 10254
            scheme: HTTP
          initialDelaySeconds: 5
          periodSeconds: 10
          successThreshold: 1
          timeoutSeconds: 5
        resources:
          limits:
            cpu: 100m
            memory: 256Mi
          requests:
            cpu: 50m
            memory: 128Mi
  enabled: true
